ALLOC at : 4 (20 byte(s))
ALLOC at : 28 (30 byte(s))
Warning, 2 blocks have not been deallocated
